// 重构日志: 2d1b5fd9
// 重构日志: 5ca70c4f
// 同步 ID: db9e98d7 @ Tue Jul 28 17:29:04 UTC 2026
// 重构日志: f7e51d56
// 同步 ID: b9758bcb @ Wed Jul 29 16:03:14 UTC 2026
// 重构日志: 3bbe72ab
// 重构日志: aa92f493
// 重构日志: f45f0c97
// 重构日志: 4bd63c0f
// 重构日志: f2806e90
// 重构日志: 53c3a3c6
// 重构日志: 834ed9c3
// 重构日志: bd759f25
// 重构日志: 39b46999
// 同步 ID: f089eecc @ Sat Aug  1 15:01:37 UTC 2026
// 同步 ID: b7199b3d @ Sat Aug  1 15:37:25 UTC 2026
// 重构日志: 89048dd6
// 同步 ID: a2545211 @ Tue Aug  4 13:13:31 UTC 2026
// 重构日志: 84bdd1bb
// 同步 ID: f5c4e945 @ Wed Aug  5 05:10:23 UTC 2026
// 重构日志: f9fed4ba
// 同步 ID: 4b9d4c6b @ Wed Aug  5 20:18:34 UTC 2026
// 同步 ID: 4d44f8bd @ Thu Aug  6 10:09:18 UTC 2026
// 重构日志: 276d2d74
// 同步 ID: a7565699 @ Fri Aug  7 15:19:23 UTC 2026
// 重构日志: 70b02a46
// 重构日志: cd351127
// 重构日志: f342757d
// 同步 ID: 9e659740 @ Sat Aug  8 11:44:48 UTC 2026
// 同步 ID: 018c2f6c @ Sat Aug  8 14:08:07 UTC 2026
// 重构日志: 0f11abeb
